../Core/Inc/MCB.h:65:6:SendCANMotorCommand	40	static
../Core/Inc/MCB.h:82:7:NormalizeValue	16	static
../Core/Src/freertos.c:147:6:MX_FREERTOS_Init	8	static
../Core/Src/freertos.c:207:6:StartDefaultTask	16	static
../Core/Src/freertos.c:226:6:getADCValues	16	static
../Core/Src/freertos.c:254:6:startUpdateFlags	24	static
../Core/Src/freertos.c:283:6:startMotorStateMachine	16	static
../Core/Src/freertos.c:335:6:startGetCANVelocity	32	static
../Core/Src/freertos.c:366:6:StartSetCANBatterySO	24	static
../Core/Src/freertos.c:399:6:StartUpdateState	16	static
../Core/Src/freertos.c:427:6:HAL_GPIO_EXTI_Callback	16	static
